// Jest Snapshot v1, https://goo.gl/fbAQLP

exports[`Package /lib should have correct /lib structure 1`] = `
[
  "/BackButton.d.ts",
  "/MainButton.d.ts",
  "/WebAppProvider.d.ts",
  [
    "/core/context.d.ts",
    "/core/index.d.ts",
    [
      "/core/twa-types/WebApp.d.ts",
      "/core/twa-types/WebAppVersion_6.1.d.ts",
      "/core/twa-types/WebAppVersion_6.2.d.ts",
      "/core/twa-types/WebAppVersion_6.4.d.ts",
      "/core/twa-types/WebAppVersion_6.7.d.ts",
      "/core/twa-types/WebAppVersion_6.9.d.ts",
      "/core/twa-types/index.d.ts",
    ],
    "/core/useAsyncMode.d.ts",
    "/core/useSmoothButtonsTransition.d.ts",
    "/core/useWebApp.d.ts",
  ],
  "/index.d.ts",
  "/react-telegram-web-app.cjs",
  "/react-telegram-web-app.modern.js",
  "/react-telegram-web-app.module.js",
  "/react-telegram-web-app.umd.js",
  "/useCloudStorage.d.ts",
  "/useExpand.d.ts",
  "/useHapticFeedback.d.ts",
  "/useInitData.d.ts",
  "/useReadTextFromClipboard.d.ts",
  "/useScanQrPopup.d.ts",
  "/useShowPopup.d.ts",
  "/useSwitchInlineQuery.d.ts",
  "/useThemeParams.d.ts",
  "/useWebApp.d.ts",
]
`;

exports[`Package /lib should have exports from modules 1`] = `
{
  "BackButton": [Function],
  "MainButton": [Function],
  "WebAppProvider": [Function],
  "useCloudStorage": [Function],
  "useExpand": [Function],
  "useHapticFeedback": [Function],
  "useInitData": [Function],
  "useReadTextFromClipboard": [Function],
  "useScanQrPopup": [Function],
  "useShowPopup": [Function],
  "useSwitchInlineQuery": [Function],
  "useThemeParams": [Function],
  "useWebApp": [Function],
}
`;
